../Core/Src/main.c:102:5:main	120	static
../Core/Src/main.c:333:6:SystemClock_Config	88	static
../Core/Src/main.c:388:13:MX_CAN1_Init	48	static
../Core/Src/main.c:445:13:MX_CAN2_Init	48	static
../Core/Src/main.c:512:13:MX_TIM2_Init	64	static
../Core/Src/main.c:571:13:MX_TIM14_Init	40	static
../Core/Src/main.c:617:13:MX_USART2_UART_Init	8	static
../Core/Src/main.c:650:13:MX_USART6_UART_Init	8	static
../Core/Src/main.c:681:13:MX_DMA_Init	16	static
../Core/Src/main.c:699:13:MX_GPIO_Init	48	static
../Core/Src/main.c:771:6:HAL_CAN_RxFifo0MsgPendingCallback	16	static
../Core/Src/main.c:827:6:HAL_TIM_PeriodElapsedCallback	16	static
../Core/Src/main.c:870:6:Error_Handler	4	static,ignoring_inline_asm
