../Core/Src/main.c:94:6:DelayTime	24	static
../Core/Src/main.c:111:5:main	88	static
../Core/Src/main.c:263:6:SystemClock_Config	88	static
../Core/Src/main.c:318:13:MX_CAN1_Init	48	static
../Core/Src/main.c:375:13:MX_CAN2_Init	48	static
../Core/Src/main.c:442:13:MX_TIM7_Init	16	static
../Core/Src/main.c:480:13:MX_TIM11_Init	8	static
../Core/Src/main.c:511:13:MX_TIM14_Init	8	static
../Core/Src/main.c:542:13:MX_USART2_UART_Init	8	static
../Core/Src/main.c:573:13:MX_DMA_Init	16	static
../Core/Src/main.c:591:13:MX_GPIO_Init	48	static
../Core/Src/main.c:663:6:HAL_CAN_RxFifo0MsgPendingCallback	40	static
../Core/Src/main.c:712:6:HAL_TIM_PeriodElapsedCallback	16	static
../Core/Src/main.c:755:6:Error_Handler	4	static,ignoring_inline_asm
